2026-09-29 18:49:59.501 INFO  [kground-preinit] [trace:] o.h.validator.internal.util.Version      : HV000001: Hibernate Validator 9.1.3.Final
2026-09-29 18:49:59.620 INFO  [           main] [trace:] c.a.checkin.CheckInServiceApplication    : Starting CheckInServiceApplication using Java 20.0.2 with PID 14856 (D:\aerobook\check-in-service\target\classes started by hp in D:\aerobook\check-in-service)
2026-09-29 18:49:59.623 DEBUG [           main] [trace:] c.a.checkin.CheckInServiceApplication    : Running with Spring Boot v4.1.1, Spring v7.0.9
2026-09-29 18:49:59.624 INFO  [           main] [trace:] c.a.checkin.CheckInServiceApplication    : No active profile set, falling back to 1 default profile: "default"
2026-09-29 18:49:59.725 INFO  [           main] [trace:] o.s.c.c.c.ConfigServerConfigDataLoader   : Fetching config from server at : http://localhost:8080
2026-09-29 18:49:59.725 INFO  [           main] [trace:] o.s.c.c.c.ConfigServerConfigDataLoader   : Located environment: name=check-in-service, profiles=[default], label=null, version=null, state=null
2026-09-29 18:50:01.424 INFO  [           main] [trace:] .s.d.r.c.RepositoryConfigurationDelegate : Bootstrapping Spring Data JPA repositories in DEFAULT mode.
2026-09-29 18:50:01.834 INFO  [           main] [trace:] .s.d.r.c.RepositoryConfigurationDelegate : Finished Spring Data repository scanning in 349 ms. Found 1 JPA repository interface.
2026-09-29 18:50:02.350 INFO  [           main] [trace:] o.s.cloud.context.scope.GenericScope     : BeanFactory id=7a129c8c-7402-3ab3-a303-8794a2a4e477
2026-09-29 18:50:03.430 INFO  [           main] [trace:] o.s.boot.tomcat.TomcatWebServer          : Tomcat initialized with port 8090 (http)
2026-09-29 18:50:03.464 INFO  [           main] [trace:] o.a.coyote.http11.Http11NioProtocol      : Initializing ProtocolHandler ["http-nio-8090"]
2026-09-29 18:50:03.466 INFO  [           main] [trace:] o.apache.catalina.core.StandardService   : Starting service [Tomcat]
2026-09-29 18:50:03.468 INFO  [           main] [trace:] o.apache.catalina.core.StandardEngine    : Starting Servlet engine: [Apache Tomcat/11.0.24]
2026-09-29 18:50:03.664 INFO  [           main] [trace:] b.w.c.s.WebApplicationContextInitializer : Root WebApplicationContext: initialization completed in 3933 ms
2026-09-29 18:50:04.060 INFO  [           main] [trace:] org.hibernate.orm.jpa                    : HHH008540: Processing PersistenceUnitInfo [name: default]
2026-09-29 18:50:04.186 INFO  [           main] [trace:] org.hibernate.orm.core                   : HHH000001: Hibernate ORM core version 7.4.5.Final
2026-09-29 18:50:05.216 INFO  [           main] [trace:] o.s.o.j.p.SpringPersistenceUnitInfo      : No LoadTimeWeaver setup: ignoring JPA class transformer
2026-09-29 18:50:05.277 INFO  [           main] [trace:] com.zaxxer.hikari.HikariDataSource       : HikariPool-1 - Starting...
2026-09-29 18:50:05.940 INFO  [           main] [trace:] com.zaxxer.hikari.pool.HikariPool        : HikariPool-1 - Added connection com.mysql.cj.jdbc.ConnectionImpl@2c02cf78
2026-09-29 18:50:05.944 INFO  [           main] [trace:] com.zaxxer.hikari.HikariDataSource       : HikariPool-1 - Start completed.
2026-09-29 18:50:06.140 INFO  [           main] [trace:] org.hibernate.orm.connections.pooling    : HHH10001005: Database info:
	Database JDBC URL [jdbc:mysql://localhost:3306/aerobook_checkin_db?createDatabaseIfNotExist=true&serverTimezone=UTC]
	Database driver: MySQL Connector/J
	Database dialect: MySQLDialect
	Database version: 8.0.46
	Default catalog/schema: aerobook_checkin_db/undefined
	Autocommit mode: undefined/unknown
	Isolation level: REPEATABLE_READ [default REPEATABLE_READ]
	JDBC fetch size: none
	Pool: DataSourceConnectionProvider
	Minimum pool size: undefined/unknown
	Maximum pool size: undefined/unknown
2026-09-29 18:50:07.982 INFO  [           main] [trace:] org.hibernate.orm.core                   : HHH000489: No JTA platform available (set 'hibernate.transaction.jta.platform' to enable JTA platform integration)
2026-09-29 18:50:08.096 INFO  [           main] [trace:] j.LocalContainerEntityManagerFactoryBean : Initialized JPA EntityManagerFactory for persistence unit 'default'
2026-09-29 18:50:08.273 INFO  [           main] [trace:] o.s.d.j.r.query.QueryEnhancerFactories   : Hibernate is in classpath; If applicable, HQL parser will be used.
2026-09-29 18:50:10.760 INFO  [           main] [trace:] DiscoveryClientOptionalArgsConfiguration : Eureka HTTP Client uses RestClient.
2026-09-29 18:50:10.853 WARN  [           main] [trace:] iguration$LoadBalancerCaffeineWarnLogger : Spring Cloud LoadBalancer is currently working with the default cache. While this cache implementation is useful for development and tests, it's recommended to use Caffeine cache in production.You can switch to using Caffeine cache, by adding it and org.springframework.cache.caffeine.CaffeineCacheManager to the classpath.
2026-09-29 18:50:10.930 INFO  [           main] [trace:] o.s.c.n.eureka.InstanceInfoFactory       : Setting initial instance status as: STARTING
2026-09-29 18:50:11.009 INFO  [           main] [trace:] com.netflix.discovery.DiscoveryClient    : Initializing Eureka in region us-east-1
2026-09-29 18:50:11.019 INFO  [           main] [trace:] c.n.d.s.r.aws.ConfigClusterResolver      : Resolving eureka endpoints via configuration
2026-09-29 18:50:11.045 INFO  [           main] [trace:] com.netflix.discovery.DiscoveryClient    : Disable delta property : false
2026-09-29 18:50:11.048 INFO  [           main] [trace:] com.netflix.discovery.DiscoveryClient    : Single vip registry refresh property : null
2026-09-29 18:50:11.049 INFO  [           main] [trace:] com.netflix.discovery.DiscoveryClient    : Force full registry fetch : false
2026-09-29 18:50:11.049 INFO  [           main] [trace:] com.netflix.discovery.DiscoveryClient    : Application is null : false
2026-09-29 18:50:11.051 INFO  [           main] [trace:] com.netflix.discovery.DiscoveryClient    : Registered Applications size is zero : true
2026-09-29 18:50:11.052 INFO  [           main] [trace:] com.netflix.discovery.DiscoveryClient    : Application version is -1: true
2026-09-29 18:50:11.054 INFO  [           main] [trace:] com.netflix.discovery.DiscoveryClient    : Getting all instance registry info from the eureka server
2026-09-29 18:50:11.728 INFO  [           main] [trace:] com.netflix.discovery.DiscoveryClient    : The response status is 200
2026-09-29 18:50:11.732 INFO  [           main] [trace:] com.netflix.discovery.DiscoveryClient    : Starting heartbeat executor: renew interval is: 30
2026-09-29 18:50:11.738 INFO  [           main] [trace:] c.n.discovery.InstanceInfoReplicator     : InstanceInfoReplicator onDemand update allowed rate per min is 4
2026-09-29 18:50:11.742 INFO  [           main] [trace:] com.netflix.discovery.DiscoveryClient    : Discovery Client initialized at timestamp 1790688011741 with initial instances count: 2
2026-09-29 18:50:11.751 INFO  [           main] [trace:] o.s.c.n.e.s.EurekaServiceRegistry        : Registering application CHECK-IN-SERVICE with eureka with status UP
2026-09-29 18:50:11.753 INFO  [           main] [trace:] com.netflix.discovery.DiscoveryClient    : Saw local status change event StatusChangeEvent [timestamp=1790688011753, current=UP, previous=STARTING]
2026-09-29 18:50:11.758 INFO  [           main] [trace:] o.a.coyote.http11.Http11NioProtocol      : Starting ProtocolHandler ["http-nio-8090"]
2026-09-29 18:50:11.757 INFO  [foReplicator-%d] [trace:] com.netflix.discovery.DiscoveryClient    : DiscoveryClient_CHECK-IN-SERVICE/Sir-Amir:check-in-service:8090: registering service...
2026-09-29 18:50:11.882 INFO  [           main] [trace:] o.s.boot.tomcat.TomcatWebServer          : Tomcat started on port 8090 (http) with context path '/'
2026-09-29 18:50:11.891 INFO  [           main] [trace:] .s.c.n.e.s.EurekaAutoServiceRegistration : Updating port to 8090
2026-09-29 18:50:11.968 INFO  [foReplicator-%d] [trace:] com.netflix.discovery.DiscoveryClient    : DiscoveryClient_CHECK-IN-SERVICE/Sir-Amir:check-in-service:8090 - registration status: 204
2026-09-29 18:50:12.408 INFO  [           main] [trace:] c.a.checkin.CheckInServiceApplication    : Started CheckInServiceApplication in 16.021 seconds (process running for 17.485)
2026-09-29 18:55:11.070 INFO  [rap-executor-%d] [trace:] c.n.d.s.r.aws.ConfigClusterResolver      : Resolving eureka endpoints via configuration
2026-09-29 19:00:11.074 INFO  [rap-executor-%d] [trace:] c.n.d.s.r.aws.ConfigClusterResolver      : Resolving eureka endpoints via configuration
2026-09-29 19:05:11.084 INFO  [rap-executor-%d] [trace:] c.n.d.s.r.aws.ConfigClusterResolver      : Resolving eureka endpoints via configuration
2026-09-29 19:10:11.099 INFO  [rap-executor-%d] [trace:] c.n.d.s.r.aws.ConfigClusterResolver      : Resolving eureka endpoints via configuration
2026-09-29 19:15:11.113 INFO  [rap-executor-%d] [trace:] c.n.d.s.r.aws.ConfigClusterResolver      : Resolving eureka endpoints via configuration
2026-09-29 19:20:11.114 INFO  [rap-executor-%d] [trace:] c.n.d.s.r.aws.ConfigClusterResolver      : Resolving eureka endpoints via configuration
2026-09-29 19:23:17.530 INFO  [nio-8090-exec-2] [trace:] o.a.c.c.C.[Tomcat].[localhost].[/]       : Initializing Spring DispatcherServlet 'dispatcherServlet'
2026-09-29 19:23:17.534 INFO  [nio-8090-exec-2] [trace:] o.s.web.servlet.DispatcherServlet        : Initializing Servlet 'dispatcherServlet'
2026-09-29 19:23:17.637 INFO  [nio-8090-exec-2] [trace:] o.s.web.servlet.DispatcherServlet        : Completed initialization in 102 ms
2026-09-29 19:25:11.122 INFO  [rap-executor-%d] [trace:] c.n.d.s.r.aws.ConfigClusterResolver      : Resolving eureka endpoints via configuration
2026-09-29 19:30:11.136 INFO  [rap-executor-%d] [trace:] c.n.d.s.r.aws.ConfigClusterResolver      : Resolving eureka endpoints via configuration
2026-09-29 19:30:30.655 INFO  [nio-8090-exec-5] [trace:] c.a.c.service.impl.CheckInServiceImpl    : Gate staff verifying boarding pass: BP-1-12A
2026-09-29 19:30:34.545 INFO  [nio-8090-exec-8] [trace:] c.a.c.service.impl.CheckInServiceImpl    : Gate staff verifying boarding pass: BP-2-14C
2026-09-29 19:35:11.146 INFO  [rap-executor-%d] [trace:] c.n.d.s.r.aws.ConfigClusterResolver      : Resolving eureka endpoints via configuration
2026-09-29 19:40:11.153 INFO  [rap-executor-%d] [trace:] c.n.d.s.r.aws.ConfigClusterResolver      : Resolving eureka endpoints via configuration
2026-09-29 19:45:11.169 INFO  [rap-executor-%d] [trace:] c.n.d.s.r.aws.ConfigClusterResolver      : Resolving eureka endpoints via configuration
2026-09-29 19:50:11.179 INFO  [rap-executor-%d] [trace:] c.n.d.s.r.aws.ConfigClusterResolver      : Resolving eureka endpoints via configuration
2026-09-29 19:55:11.194 INFO  [rap-executor-%d] [trace:] c.n.d.s.r.aws.ConfigClusterResolver      : Resolving eureka endpoints via configuration
2026-09-29 20:00:11.212 INFO  [rap-executor-%d] [trace:] c.n.d.s.r.aws.ConfigClusterResolver      : Resolving eureka endpoints via configuration
2026-09-29 20:05:11.219 INFO  [rap-executor-%d] [trace:] c.n.d.s.r.aws.ConfigClusterResolver      : Resolving eureka endpoints via configuration
2026-09-29 20:10:11.226 INFO  [rap-executor-%d] [trace:] c.n.d.s.r.aws.ConfigClusterResolver      : Resolving eureka endpoints via configuration
2026-09-29 20:24:30.861 WARN  [l-1:housekeeper] [trace:] com.zaxxer.hikari.pool.HikariPool        : HikariPool-1 - Thread starvation or clock leap detected (housekeeper delta=12m53s490ms909µs200ns).
2026-09-29 20:27:49.828 INFO  [rap-executor-%d] [trace:] c.n.d.s.r.aws.ConfigClusterResolver      : Resolving eureka endpoints via configuration
2026-09-29 20:32:49.830 INFO  [rap-executor-%d] [trace:] c.n.d.s.r.aws.ConfigClusterResolver      : Resolving eureka endpoints via configuration
2026-09-29 20:37:49.837 INFO  [rap-executor-%d] [trace:] c.n.d.s.r.aws.ConfigClusterResolver      : Resolving eureka endpoints via configuration
2026-09-29 20:42:49.854 INFO  [rap-executor-%d] [trace:] c.n.d.s.r.aws.ConfigClusterResolver      : Resolving eureka endpoints via configuration
2026-09-29 20:47:49.862 INFO  [rap-executor-%d] [trace:] c.n.d.s.r.aws.ConfigClusterResolver      : Resolving eureka endpoints via configuration
2026-09-29 20:52:49.873 INFO  [rap-executor-%d] [trace:] c.n.d.s.r.aws.ConfigClusterResolver      : Resolving eureka endpoints via configuration
2026-09-29 20:57:49.876 INFO  [rap-executor-%d] [trace:] c.n.d.s.r.aws.ConfigClusterResolver      : Resolving eureka endpoints via configuration
2026-09-29 21:02:49.882 INFO  [rap-executor-%d] [trace:] c.n.d.s.r.aws.ConfigClusterResolver      : Resolving eureka endpoints via configuration
2026-09-29 21:07:49.894 INFO  [rap-executor-%d] [trace:] c.n.d.s.r.aws.ConfigClusterResolver      : Resolving eureka endpoints via configuration
2026-09-29 21:12:49.905 INFO  [rap-executor-%d] [trace:] c.n.d.s.r.aws.ConfigClusterResolver      : Resolving eureka endpoints via configuration
2026-09-29 21:17:49.916 INFO  [rap-executor-%d] [trace:] c.n.d.s.r.aws.ConfigClusterResolver      : Resolving eureka endpoints via configuration
