2026-09-29 18:51:20.123 INFO  [kground-preinit] [trace:] o.h.validator.internal.util.Version      : HV000001: Hibernate Validator 9.1.3.Final
2026-09-29 18:51:20.258 INFO  [           main] [trace:] c.aerobook.user.UserServiceApplication   : Starting UserServiceApplication using Java 20.0.2 with PID 21756 (D:\aerobook\user-service\target\classes started by hp in D:\aerobook\user-service)
2026-09-29 18:51:20.261 DEBUG [           main] [trace:] c.aerobook.user.UserServiceApplication   : Running with Spring Boot v4.1.1, Spring v7.0.9
2026-09-29 18:51:20.263 INFO  [           main] [trace:] c.aerobook.user.UserServiceApplication   : No active profile set, falling back to 1 default profile: "default"
2026-09-29 18:51:20.379 INFO  [           main] [trace:] o.s.c.c.c.ConfigServerConfigDataLoader   : Fetching config from server at : http://localhost:8080
2026-09-29 18:51:20.380 INFO  [           main] [trace:] o.s.c.c.c.ConfigServerConfigDataLoader   : Located environment: name=user-service, profiles=[default], label=null, version=null, state=null
2026-09-29 18:51:22.355 INFO  [           main] [trace:] .s.d.r.c.RepositoryConfigurationDelegate : Bootstrapping Spring Data JPA repositories in DEFAULT mode.
2026-09-29 18:51:22.649 INFO  [           main] [trace:] .s.d.r.c.RepositoryConfigurationDelegate : Finished Spring Data repository scanning in 274 ms. Found 1 JPA repository interface.
2026-09-29 18:51:23.173 INFO  [           main] [trace:] o.s.cloud.context.scope.GenericScope     : BeanFactory id=03c98ee1-9c25-3e55-b842-670a65f6d58e
2026-09-29 18:51:24.785 INFO  [           main] [trace:] o.s.boot.tomcat.TomcatWebServer          : Tomcat initialized with port 8084 (http)
2026-09-29 18:51:24.827 INFO  [           main] [trace:] o.a.coyote.http11.Http11NioProtocol      : Initializing ProtocolHandler ["http-nio-8084"]
2026-09-29 18:51:24.832 INFO  [           main] [trace:] o.apache.catalina.core.StandardService   : Starting service [Tomcat]
2026-09-29 18:51:24.833 INFO  [           main] [trace:] o.apache.catalina.core.StandardEngine    : Starting Servlet engine: [Apache Tomcat/11.0.24]
2026-09-29 18:51:25.083 INFO  [           main] [trace:] b.w.c.s.WebApplicationContextInitializer : Root WebApplicationContext: initialization completed in 4696 ms
2026-09-29 18:51:25.681 INFO  [           main] [trace:] org.hibernate.orm.jpa                    : HHH008540: Processing PersistenceUnitInfo [name: default]
2026-09-29 18:51:25.924 INFO  [           main] [trace:] org.hibernate.orm.core                   : HHH000001: Hibernate ORM core version 7.4.5.Final
2026-09-29 18:51:27.987 INFO  [           main] [trace:] o.s.o.j.p.SpringPersistenceUnitInfo      : No LoadTimeWeaver setup: ignoring JPA class transformer
2026-09-29 18:51:28.113 INFO  [           main] [trace:] com.zaxxer.hikari.HikariDataSource       : HikariPool-1 - Starting...
2026-09-29 18:51:29.123 INFO  [           main] [trace:] com.zaxxer.hikari.pool.HikariPool        : HikariPool-1 - Added connection com.mysql.cj.jdbc.ConnectionImpl@1ece052b
2026-09-29 18:51:29.127 INFO  [           main] [trace:] com.zaxxer.hikari.HikariDataSource       : HikariPool-1 - Start completed.
2026-09-29 18:51:29.509 INFO  [           main] [trace:] org.hibernate.orm.connections.pooling    : HHH10001005: Database info:
	Database JDBC URL [jdbc:mysql://localhost:3306/aerobook_user_db?createDatabaseIfNotExist=true]
	Database driver: MySQL Connector/J
	Database dialect: MySQLDialect
	Database version: 8.0.46
	Default catalog/schema: aerobook_user_db/undefined
	Autocommit mode: undefined/unknown
	Isolation level: REPEATABLE_READ [default REPEATABLE_READ]
	JDBC fetch size: none
	Pool: DataSourceConnectionProvider
	Minimum pool size: undefined/unknown
	Maximum pool size: undefined/unknown
2026-09-29 18:51:32.526 INFO  [           main] [trace:] org.hibernate.orm.core                   : HHH000489: No JTA platform available (set 'hibernate.transaction.jta.platform' to enable JTA platform integration)
2026-09-29 18:51:32.714 INFO  [           main] [trace:] j.LocalContainerEntityManagerFactoryBean : Initialized JPA EntityManagerFactory for persistence unit 'default'
2026-09-29 18:51:32.954 INFO  [           main] [trace:] o.s.d.j.r.query.QueryEnhancerFactories   : Hibernate is in classpath; If applicable, HQL parser will be used.
2026-09-29 18:51:36.103 INFO  [           main] [trace:] DiscoveryClientOptionalArgsConfiguration : Eureka HTTP Client uses RestClient.
2026-09-29 18:51:36.189 WARN  [           main] [trace:] iguration$LoadBalancerCaffeineWarnLogger : Spring Cloud LoadBalancer is currently working with the default cache. While this cache implementation is useful for development and tests, it's recommended to use Caffeine cache in production.You can switch to using Caffeine cache, by adding it and org.springframework.cache.caffeine.CaffeineCacheManager to the classpath.
2026-09-29 18:51:36.329 INFO  [           main] [trace:] o.s.c.n.eureka.InstanceInfoFactory       : Setting initial instance status as: STARTING
2026-09-29 18:51:36.387 INFO  [           main] [trace:] com.netflix.discovery.DiscoveryClient    : Initializing Eureka in region us-east-1
2026-09-29 18:51:36.395 INFO  [           main] [trace:] c.n.d.s.r.aws.ConfigClusterResolver      : Resolving eureka endpoints via configuration
2026-09-29 18:51:36.415 INFO  [           main] [trace:] com.netflix.discovery.DiscoveryClient    : Disable delta property : false
2026-09-29 18:51:36.416 INFO  [           main] [trace:] com.netflix.discovery.DiscoveryClient    : Single vip registry refresh property : null
2026-09-29 18:51:36.416 INFO  [           main] [trace:] com.netflix.discovery.DiscoveryClient    : Force full registry fetch : false
2026-09-29 18:51:36.417 INFO  [           main] [trace:] com.netflix.discovery.DiscoveryClient    : Application is null : false
2026-09-29 18:51:36.417 INFO  [           main] [trace:] com.netflix.discovery.DiscoveryClient    : Registered Applications size is zero : true
2026-09-29 18:51:36.417 INFO  [           main] [trace:] com.netflix.discovery.DiscoveryClient    : Application version is -1: true
2026-09-29 18:51:36.417 INFO  [           main] [trace:] com.netflix.discovery.DiscoveryClient    : Getting all instance registry info from the eureka server
2026-09-29 18:51:37.097 INFO  [           main] [trace:] com.netflix.discovery.DiscoveryClient    : The response status is 200
2026-09-29 18:51:37.102 INFO  [           main] [trace:] com.netflix.discovery.DiscoveryClient    : Starting heartbeat executor: renew interval is: 30
2026-09-29 18:51:37.107 INFO  [           main] [trace:] c.n.discovery.InstanceInfoReplicator     : InstanceInfoReplicator onDemand update allowed rate per min is 4
2026-09-29 18:51:37.116 INFO  [           main] [trace:] com.netflix.discovery.DiscoveryClient    : Discovery Client initialized at timestamp 1790688097115 with initial instances count: 7
2026-09-29 18:51:37.125 INFO  [           main] [trace:] o.s.c.n.e.s.EurekaServiceRegistry        : Registering application USER-SERVICE with eureka with status UP
2026-09-29 18:51:37.126 INFO  [           main] [trace:] com.netflix.discovery.DiscoveryClient    : Saw local status change event StatusChangeEvent [timestamp=1790688097126, current=UP, previous=STARTING]
2026-09-29 18:51:37.130 INFO  [           main] [trace:] o.a.coyote.http11.Http11NioProtocol      : Starting ProtocolHandler ["http-nio-8084"]
2026-09-29 18:51:37.131 INFO  [foReplicator-%d] [trace:] com.netflix.discovery.DiscoveryClient    : DiscoveryClient_USER-SERVICE/Sir-Amir:user-service:8084: registering service...
2026-09-29 18:51:37.215 INFO  [           main] [trace:] o.s.boot.tomcat.TomcatWebServer          : Tomcat started on port 8084 (http) with context path '/'
2026-09-29 18:51:37.217 INFO  [           main] [trace:] .s.c.n.e.s.EurekaAutoServiceRegistration : Updating port to 8084
2026-09-29 18:51:37.255 INFO  [foReplicator-%d] [trace:] com.netflix.discovery.DiscoveryClient    : DiscoveryClient_USER-SERVICE/Sir-Amir:user-service:8084 - registration status: 204
2026-09-29 18:51:37.679 INFO  [           main] [trace:] c.aerobook.user.UserServiceApplication   : Started UserServiceApplication in 21.251 seconds (process running for 23.119)
2026-09-29 18:52:38.225 INFO  [nio-8084-exec-5] [trace:] o.a.c.c.C.[Tomcat].[localhost].[/]       : Initializing Spring DispatcherServlet 'dispatcherServlet'
2026-09-29 18:52:38.225 INFO  [nio-8084-exec-5] [trace:] o.s.web.servlet.DispatcherServlet        : Initializing Servlet 'dispatcherServlet'
2026-09-29 18:52:38.233 INFO  [nio-8084-exec-5] [trace:] o.s.web.servlet.DispatcherServlet        : Completed initialization in 4 ms
2026-09-29 18:54:15.759 DEBUG [nio-8084-exec-1] [trace:] c.a.user.service.impl.UserServiceImpl    : Retrieving user profile with ID: 3
2026-09-29 18:56:36.429 INFO  [rap-executor-%d] [trace:] c.n.d.s.r.aws.ConfigClusterResolver      : Resolving eureka endpoints via configuration
2026-09-29 19:01:36.433 INFO  [rap-executor-%d] [trace:] c.n.d.s.r.aws.ConfigClusterResolver      : Resolving eureka endpoints via configuration
2026-09-29 19:06:36.434 INFO  [rap-executor-%d] [trace:] c.n.d.s.r.aws.ConfigClusterResolver      : Resolving eureka endpoints via configuration
2026-09-29 19:11:36.436 INFO  [rap-executor-%d] [trace:] c.n.d.s.r.aws.ConfigClusterResolver      : Resolving eureka endpoints via configuration
2026-09-29 19:16:36.445 INFO  [rap-executor-%d] [trace:] c.n.d.s.r.aws.ConfigClusterResolver      : Resolving eureka endpoints via configuration
2026-09-29 19:21:36.455 INFO  [rap-executor-%d] [trace:] c.n.d.s.r.aws.ConfigClusterResolver      : Resolving eureka endpoints via configuration
2026-09-29 19:23:14.161 DEBUG [nio-8084-exec-7] [trace:] c.a.user.service.impl.UserServiceImpl    : Retrieving user profile with ID: 3
2026-09-29 19:26:36.466 INFO  [rap-executor-%d] [trace:] c.n.d.s.r.aws.ConfigClusterResolver      : Resolving eureka endpoints via configuration
2026-09-29 19:28:15.461 DEBUG [nio-8084-exec-3] [trace:] c.a.user.service.impl.UserServiceImpl    : Retrieving user profile with ID: 3
2026-09-29 19:30:11.846 DEBUG [nio-8084-exec-9] [trace:] c.a.user.service.impl.UserServiceImpl    : Retrieving user profile with ID: 3
2026-09-29 19:31:00.398 DEBUG [nio-8084-exec-5] [trace:] c.a.user.service.impl.UserServiceImpl    : Retrieving user profile with ID: 3
2026-09-29 19:31:06.265 DEBUG [nio-8084-exec-6] [trace:] c.a.user.service.impl.UserServiceImpl    : Retrieving user profile with ID: 3
2026-09-29 19:31:36.473 INFO  [rap-executor-%d] [trace:] c.n.d.s.r.aws.ConfigClusterResolver      : Resolving eureka endpoints via configuration
2026-09-29 19:36:18.695 DEBUG [nio-8084-exec-9] [trace:] c.a.user.service.impl.UserServiceImpl    : Retrieving user profile with ID: 3
2026-09-29 19:36:36.475 INFO  [rap-executor-%d] [trace:] c.n.d.s.r.aws.ConfigClusterResolver      : Resolving eureka endpoints via configuration
2026-09-29 19:41:36.489 INFO  [rap-executor-%d] [trace:] c.n.d.s.r.aws.ConfigClusterResolver      : Resolving eureka endpoints via configuration
2026-09-29 19:46:36.495 INFO  [rap-executor-%d] [trace:] c.n.d.s.r.aws.ConfigClusterResolver      : Resolving eureka endpoints via configuration
2026-09-29 19:51:36.502 INFO  [rap-executor-%d] [trace:] c.n.d.s.r.aws.ConfigClusterResolver      : Resolving eureka endpoints via configuration
2026-09-29 19:56:29.895 DEBUG [nio-8084-exec-6] [trace:] c.a.user.service.impl.UserServiceImpl    : Retrieving user profile with ID: 3
2026-09-29 19:56:35.026 DEBUG [nio-8084-exec-1] [trace:] c.a.user.service.impl.UserServiceImpl    : Retrieving user profile with ID: 3
2026-09-29 19:56:36.519 INFO  [rap-executor-%d] [trace:] c.n.d.s.r.aws.ConfigClusterResolver      : Resolving eureka endpoints via configuration
2026-09-29 19:56:39.751 DEBUG [nio-8084-exec-7] [trace:] c.a.user.service.impl.UserServiceImpl    : Retrieving user profile with ID: 3
2026-09-29 20:00:14.499 DEBUG [nio-8084-exec-8] [trace:] c.a.user.service.impl.UserServiceImpl    : Retrieving user profile with ID: 3
2026-09-29 20:00:16.897 DEBUG [nio-8084-exec-3] [trace:] c.a.user.service.impl.UserServiceImpl    : Retrieving user profile with ID: 3
2026-09-29 20:00:49.653 DEBUG [nio-8084-exec-4] [trace:] c.a.user.service.impl.UserServiceImpl    : Retrieving user profile with ID: 3
2026-09-29 20:01:36.524 INFO  [rap-executor-%d] [trace:] c.n.d.s.r.aws.ConfigClusterResolver      : Resolving eureka endpoints via configuration
2026-09-29 20:02:07.660 DEBUG [io-8084-exec-10] [trace:] c.a.user.service.impl.UserServiceImpl    : Retrieving user profile with ID: 3
2026-09-29 20:04:34.168 DEBUG [nio-8084-exec-6] [trace:] c.a.user.service.impl.UserServiceImpl    : Retrieving user profile with ID: 3
2026-09-29 20:04:43.016 DEBUG [nio-8084-exec-1] [trace:] c.a.user.service.impl.UserServiceImpl    : Retrieving user profile with ID: 3
2026-09-29 20:06:36.534 INFO  [rap-executor-%d] [trace:] c.n.d.s.r.aws.ConfigClusterResolver      : Resolving eureka endpoints via configuration
2026-09-29 20:07:06.864 DEBUG [nio-8084-exec-2] [trace:] c.a.user.service.impl.UserServiceImpl    : Retrieving user profile with ID: 3
2026-09-29 20:07:33.417 DEBUG [nio-8084-exec-3] [trace:] c.a.user.service.impl.UserServiceImpl    : Retrieving user profile with ID: 3
2026-09-29 20:07:50.658 DEBUG [nio-8084-exec-4] [trace:] c.a.user.service.impl.UserServiceImpl    : Retrieving user profile with ID: 3
2026-09-29 20:11:36.546 INFO  [rap-executor-%d] [trace:] c.n.d.s.r.aws.ConfigClusterResolver      : Resolving eureka endpoints via configuration
2026-09-29 20:24:37.360 WARN  [l-1:housekeeper] [trace:] com.zaxxer.hikari.pool.HikariPool        : HikariPool-1 - Thread starvation or clock leap detected (housekeeper delta=13m6s817ms149µs100ns).
2026-09-29 20:25:50.210 DEBUG [nio-8084-exec-7] [trace:] c.a.user.service.impl.UserServiceImpl    : Retrieving user profile with ID: 3
2026-09-29 20:27:44.805 DEBUG [nio-8084-exec-8] [trace:] c.a.user.service.impl.UserServiceImpl    : Retrieving user profile with ID: 3
2026-09-29 20:29:15.142 INFO  [rap-executor-%d] [trace:] c.n.d.s.r.aws.ConfigClusterResolver      : Resolving eureka endpoints via configuration
2026-09-29 20:33:07.133 DEBUG [io-8084-exec-10] [trace:] c.a.user.service.impl.UserServiceImpl    : Retrieving user profile with ID: 3
2026-09-29 20:34:15.149 INFO  [rap-executor-%d] [trace:] c.n.d.s.r.aws.ConfigClusterResolver      : Resolving eureka endpoints via configuration
2026-09-29 20:39:15.153 INFO  [rap-executor-%d] [trace:] c.n.d.s.r.aws.ConfigClusterResolver      : Resolving eureka endpoints via configuration
2026-09-29 20:44:15.162 INFO  [rap-executor-%d] [trace:] c.n.d.s.r.aws.ConfigClusterResolver      : Resolving eureka endpoints via configuration
2026-09-29 20:49:15.164 INFO  [rap-executor-%d] [trace:] c.n.d.s.r.aws.ConfigClusterResolver      : Resolving eureka endpoints via configuration
2026-09-29 20:54:15.173 INFO  [rap-executor-%d] [trace:] c.n.d.s.r.aws.ConfigClusterResolver      : Resolving eureka endpoints via configuration
2026-09-29 20:59:15.187 INFO  [rap-executor-%d] [trace:] c.n.d.s.r.aws.ConfigClusterResolver      : Resolving eureka endpoints via configuration
2026-09-29 21:02:05.389 DEBUG [nio-8084-exec-6] [trace:] c.a.user.service.impl.UserServiceImpl    : Retrieving user profile with ID: 3
2026-09-29 21:02:48.517 DEBUG [nio-8084-exec-1] [trace:] c.a.user.service.impl.UserServiceImpl    : Retrieving user profile with ID: 3
2026-09-29 21:02:49.662 DEBUG [nio-8084-exec-7] [trace:] c.a.user.service.impl.UserServiceImpl    : Retrieving user profile with ID: 3
2026-09-29 21:04:15.200 INFO  [rap-executor-%d] [trace:] c.n.d.s.r.aws.ConfigClusterResolver      : Resolving eureka endpoints via configuration
2026-09-29 21:08:04.291 DEBUG [nio-8084-exec-1] [trace:] c.a.user.service.impl.UserServiceImpl    : Retrieving user profile with ID: 3
2026-09-29 21:09:15.213 INFO  [rap-executor-%d] [trace:] c.n.d.s.r.aws.ConfigClusterResolver      : Resolving eureka endpoints via configuration
2026-09-29 21:14:15.218 INFO  [rap-executor-%d] [trace:] c.n.d.s.r.aws.ConfigClusterResolver      : Resolving eureka endpoints via configuration
2026-09-29 21:19:15.228 INFO  [rap-executor-%d] [trace:] c.n.d.s.r.aws.ConfigClusterResolver      : Resolving eureka endpoints via configuration
