2026-09-29 18:49:32.075 INFO  [           main] [trace:] c.aerobook.auth.AuthServiceApplication   : Starting AuthServiceApplication using Java 20.0.2 with PID 12928 (D:\aerobook\auth-service\target\classes started by hp in D:\aerobook\auth-service)
2026-09-29 18:49:32.080 DEBUG [           main] [trace:] c.aerobook.auth.AuthServiceApplication   : Running with Spring Boot v4.1.1, Spring v7.0.9
2026-09-29 18:49:32.083 INFO  [           main] [trace:] c.aerobook.auth.AuthServiceApplication   : No active profile set, falling back to 1 default profile: "default"
2026-09-29 18:49:32.937 INFO  [kground-preinit] [trace:] o.h.validator.internal.util.Version      : HV000001: Hibernate Validator 9.1.3.Final
2026-09-29 18:49:34.410 INFO  [           main] [trace:] .s.d.r.c.RepositoryConfigurationDelegate : Bootstrapping Spring Data JPA repositories in DEFAULT mode.
2026-09-29 18:49:34.765 INFO  [           main] [trace:] .s.d.r.c.RepositoryConfigurationDelegate : Finished Spring Data repository scanning in 331 ms. Found 2 JPA repository interfaces.
2026-09-29 18:49:35.403 INFO  [           main] [trace:] o.s.cloud.context.scope.GenericScope     : BeanFactory id=a68876ec-eef5-3d37-aa1a-b20d868a31a2
2026-09-29 18:49:36.488 INFO  [           main] [trace:] o.s.boot.tomcat.TomcatWebServer          : Tomcat initialized with port 8082 (http)
2026-09-29 18:49:36.517 INFO  [           main] [trace:] o.a.coyote.http11.Http11NioProtocol      : Initializing ProtocolHandler ["http-nio-8082"]
2026-09-29 18:49:36.521 INFO  [           main] [trace:] o.apache.catalina.core.StandardService   : Starting service [Tomcat]
2026-09-29 18:49:36.522 INFO  [           main] [trace:] o.apache.catalina.core.StandardEngine    : Starting Servlet engine: [Apache Tomcat/11.0.24]
2026-09-29 18:49:36.718 INFO  [           main] [trace:] b.w.c.s.WebApplicationContextInitializer : Root WebApplicationContext: initialization completed in 4496 ms
2026-09-29 18:49:37.207 INFO  [           main] [trace:] org.hibernate.orm.jpa                    : HHH008540: Processing PersistenceUnitInfo [name: default]
2026-09-29 18:49:37.396 INFO  [           main] [trace:] org.hibernate.orm.core                   : HHH000001: Hibernate ORM core version 7.4.5.Final
2026-09-29 18:49:38.777 INFO  [           main] [trace:] o.s.o.j.p.SpringPersistenceUnitInfo      : No LoadTimeWeaver setup: ignoring JPA class transformer
2026-09-29 18:49:38.888 INFO  [           main] [trace:] com.zaxxer.hikari.HikariDataSource       : HikariPool-1 - Starting...
2026-09-29 18:49:39.735 INFO  [           main] [trace:] com.zaxxer.hikari.pool.HikariPool        : HikariPool-1 - Added connection com.mysql.cj.jdbc.ConnectionImpl@78e7b83
2026-09-29 18:49:39.740 INFO  [           main] [trace:] com.zaxxer.hikari.HikariDataSource       : HikariPool-1 - Start completed.
2026-09-29 18:49:39.947 INFO  [           main] [trace:] org.hibernate.orm.connections.pooling    : HHH10001005: Database info:
	Database JDBC URL [jdbc:mysql://localhost:3306/aerobook_auth_db?createDatabaseIfNotExist=true]
	Database driver: MySQL Connector/J
	Database dialect: MySQLDialect
	Database version: 8.0.46
	Default catalog/schema: aerobook_auth_db/undefined
	Autocommit mode: undefined/unknown
	Isolation level: REPEATABLE_READ [default REPEATABLE_READ]
	JDBC fetch size: none
	Pool: DataSourceConnectionProvider
	Minimum pool size: undefined/unknown
	Maximum pool size: undefined/unknown
2026-09-29 18:49:42.207 INFO  [           main] [trace:] org.hibernate.orm.core                   : HHH000489: No JTA platform available (set 'hibernate.transaction.jta.platform' to enable JTA platform integration)
2026-09-29 18:49:42.342 INFO  [           main] [trace:] j.LocalContainerEntityManagerFactoryBean : Initialized JPA EntityManagerFactory for persistence unit 'default'
2026-09-29 18:49:42.537 INFO  [           main] [trace:] o.s.d.j.r.query.QueryEnhancerFactories   : Hibernate is in classpath; If applicable, HQL parser will be used.
2026-09-29 18:49:43.271 WARN  [           main] [trace:] JpaBaseConfiguration$JpaWebConfiguration : spring.jpa.open-in-view is enabled by default. Therefore, database queries may be performed during view rendering. Explicitly configure spring.jpa.open-in-view to disable this warning
2026-09-29 18:49:43.810 INFO  [           main] [trace:] o.s.c.openfeign.FeignClientFactoryBean   : For 'user-service' URL not provided. Will try picking an instance via load-balancing.
2026-09-29 18:49:44.198 INFO  [           main] [trace:] r$InitializeUserDetailsManagerConfigurer : Global AuthenticationManager configured with UserDetailsService bean with name customUserDetailsService
2026-09-29 18:49:46.099 INFO  [           main] [trace:] DiscoveryClientOptionalArgsConfiguration : Eureka HTTP Client uses RestClient.
2026-09-29 18:49:46.155 WARN  [           main] [trace:] iguration$LoadBalancerCaffeineWarnLogger : Spring Cloud LoadBalancer is currently working with the default cache. While this cache implementation is useful for development and tests, it's recommended to use Caffeine cache in production.You can switch to using Caffeine cache, by adding it and org.springframework.cache.caffeine.CaffeineCacheManager to the classpath.
2026-09-29 18:49:46.239 INFO  [           main] [trace:] o.s.c.n.eureka.InstanceInfoFactory       : Setting initial instance status as: STARTING
2026-09-29 18:49:46.299 INFO  [           main] [trace:] com.netflix.discovery.DiscoveryClient    : Initializing Eureka in region us-east-1
2026-09-29 18:49:46.309 INFO  [           main] [trace:] c.n.d.s.r.aws.ConfigClusterResolver      : Resolving eureka endpoints via configuration
2026-09-29 18:49:46.341 INFO  [           main] [trace:] com.netflix.discovery.DiscoveryClient    : Disable delta property : false
2026-09-29 18:49:46.343 INFO  [           main] [trace:] com.netflix.discovery.DiscoveryClient    : Single vip registry refresh property : null
2026-09-29 18:49:46.343 INFO  [           main] [trace:] com.netflix.discovery.DiscoveryClient    : Force full registry fetch : false
2026-09-29 18:49:46.344 INFO  [           main] [trace:] com.netflix.discovery.DiscoveryClient    : Application is null : false
2026-09-29 18:49:46.344 INFO  [           main] [trace:] com.netflix.discovery.DiscoveryClient    : Registered Applications size is zero : true
2026-09-29 18:49:46.345 INFO  [           main] [trace:] com.netflix.discovery.DiscoveryClient    : Application version is -1: true
2026-09-29 18:49:46.345 INFO  [           main] [trace:] com.netflix.discovery.DiscoveryClient    : Getting all instance registry info from the eureka server
2026-09-29 18:49:47.181 INFO  [           main] [trace:] com.netflix.discovery.DiscoveryClient    : The response status is 200
2026-09-29 18:49:47.185 INFO  [           main] [trace:] com.netflix.discovery.DiscoveryClient    : Starting heartbeat executor: renew interval is: 30
2026-09-29 18:49:47.190 INFO  [           main] [trace:] c.n.discovery.InstanceInfoReplicator     : InstanceInfoReplicator onDemand update allowed rate per min is 4
2026-09-29 18:49:47.194 INFO  [           main] [trace:] com.netflix.discovery.DiscoveryClient    : Discovery Client initialized at timestamp 1790687987193 with initial instances count: 0
2026-09-29 18:49:47.203 INFO  [           main] [trace:] o.s.c.n.e.s.EurekaServiceRegistry        : Registering application AUTH-SERVICE with eureka with status UP
2026-09-29 18:49:47.205 INFO  [           main] [trace:] com.netflix.discovery.DiscoveryClient    : Saw local status change event StatusChangeEvent [timestamp=1790687987205, current=UP, previous=STARTING]
2026-09-29 18:49:47.209 INFO  [           main] [trace:] o.a.coyote.http11.Http11NioProtocol      : Starting ProtocolHandler ["http-nio-8082"]
2026-09-29 18:49:47.209 INFO  [foReplicator-%d] [trace:] com.netflix.discovery.DiscoveryClient    : DiscoveryClient_AUTH-SERVICE/Sir-Amir:auth-service:8082: registering service...
2026-09-29 18:49:47.251 INFO  [           main] [trace:] o.s.boot.tomcat.TomcatWebServer          : Tomcat started on port 8082 (http) with context path '/'
2026-09-29 18:49:47.253 INFO  [           main] [trace:] .s.c.n.e.s.EurekaAutoServiceRegistration : Updating port to 8082
2026-09-29 18:49:47.307 INFO  [foReplicator-%d] [trace:] com.netflix.discovery.DiscoveryClient    : DiscoveryClient_AUTH-SERVICE/Sir-Amir:auth-service:8082 - registration status: 204
2026-09-29 18:49:47.694 INFO  [           main] [trace:] c.aerobook.auth.AuthServiceApplication   : Started AuthServiceApplication in 17.457 seconds (process running for 18.839)
2026-09-29 18:50:17.189 INFO  [reshExecutor-%d] [trace:] com.netflix.discovery.DiscoveryClient    : Disable delta property : false
2026-09-29 18:50:17.189 INFO  [reshExecutor-%d] [trace:] com.netflix.discovery.DiscoveryClient    : Single vip registry refresh property : null
2026-09-29 18:50:17.190 INFO  [reshExecutor-%d] [trace:] com.netflix.discovery.DiscoveryClient    : Force full registry fetch : false
2026-09-29 18:50:17.191 INFO  [reshExecutor-%d] [trace:] com.netflix.discovery.DiscoveryClient    : Application is null : false
2026-09-29 18:50:17.191 INFO  [reshExecutor-%d] [trace:] com.netflix.discovery.DiscoveryClient    : Registered Applications size is zero : true
2026-09-29 18:50:17.191 INFO  [reshExecutor-%d] [trace:] com.netflix.discovery.DiscoveryClient    : Application version is -1: false
2026-09-29 18:50:17.191 INFO  [reshExecutor-%d] [trace:] com.netflix.discovery.DiscoveryClient    : Getting all instance registry info from the eureka server
2026-09-29 18:50:17.254 INFO  [reshExecutor-%d] [trace:] com.netflix.discovery.DiscoveryClient    : The response status is 200
2026-09-29 18:52:38.224 INFO  [nio-8082-exec-1] [trace:] o.a.c.c.C.[Tomcat].[localhost].[/]       : Initializing Spring DispatcherServlet 'dispatcherServlet'
2026-09-29 18:52:38.225 INFO  [nio-8082-exec-1] [trace:] o.s.web.servlet.DispatcherServlet        : Initializing Servlet 'dispatcherServlet'
2026-09-29 18:52:38.230 INFO  [nio-8082-exec-1] [trace:] o.s.web.servlet.DispatcherServlet        : Completed initialization in 5 ms
2026-09-29 18:52:38.737 INFO  [nio-8082-exec-1] [trace:] c.a.auth.service.impl.AuthServiceImpl    : Processing login request for email: admin@aerobook.com
2026-09-29 18:52:39.861 WARN  [nio-8082-exec-1] [trace:] c.a.auth.service.impl.AuthServiceImpl    : Login failed: User not found for email: admin@aerobook.com
2026-09-29 18:54:46.355 INFO  [rap-executor-%d] [trace:] c.n.d.s.r.aws.ConfigClusterResolver      : Resolving eureka endpoints via configuration
2026-09-29 18:55:13.360 INFO  [nio-8082-exec-3] [trace:] c.a.auth.service.impl.AuthServiceImpl    : Processing login request for email: admin@aerobook.com
2026-09-29 18:55:13.377 WARN  [nio-8082-exec-3] [trace:] c.a.auth.service.impl.AuthServiceImpl    : Login failed: User not found for email: admin@aerobook.com
2026-09-29 18:59:46.371 INFO  [rap-executor-%d] [trace:] c.n.d.s.r.aws.ConfigClusterResolver      : Resolving eureka endpoints via configuration
2026-09-29 19:04:46.379 INFO  [rap-executor-%d] [trace:] c.n.d.s.r.aws.ConfigClusterResolver      : Resolving eureka endpoints via configuration
2026-09-29 19:09:46.393 INFO  [rap-executor-%d] [trace:] c.n.d.s.r.aws.ConfigClusterResolver      : Resolving eureka endpoints via configuration
2026-09-29 19:14:46.394 INFO  [rap-executor-%d] [trace:] c.n.d.s.r.aws.ConfigClusterResolver      : Resolving eureka endpoints via configuration
2026-09-29 19:19:46.403 INFO  [rap-executor-%d] [trace:] c.n.d.s.r.aws.ConfigClusterResolver      : Resolving eureka endpoints via configuration
2026-09-29 19:23:15.586 INFO  [nio-8082-exec-7] [trace:] c.a.auth.service.impl.AuthServiceImpl    : Processing login request for email: admin@aerobook.com
2026-09-29 19:23:15.653 WARN  [nio-8082-exec-7] [trace:] c.a.auth.service.impl.AuthServiceImpl    : Login failed: User not found for email: admin@aerobook.com
2026-09-29 19:24:46.417 INFO  [rap-executor-%d] [trace:] c.n.d.s.r.aws.ConfigClusterResolver      : Resolving eureka endpoints via configuration
2026-09-29 19:29:46.428 INFO  [rap-executor-%d] [trace:] c.n.d.s.r.aws.ConfigClusterResolver      : Resolving eureka endpoints via configuration
2026-09-29 19:30:58.641 INFO  [io-8082-exec-10] [trace:] c.a.auth.service.impl.AuthServiceImpl    : Processing login request for email: admin@aerobook.com
2026-09-29 19:30:58.647 WARN  [io-8082-exec-10] [trace:] c.a.auth.service.impl.AuthServiceImpl    : Login failed: User not found for email: admin@aerobook.com
2026-09-29 19:32:07.136 INFO  [nio-8082-exec-5] [trace:] c.a.auth.service.impl.AuthServiceImpl    : Processing login request for email: admin@aerobook.com
2026-09-29 19:32:07.144 WARN  [nio-8082-exec-5] [trace:] c.a.auth.service.impl.AuthServiceImpl    : Login failed: User not found for email: admin@aerobook.com
2026-09-29 19:34:46.443 INFO  [rap-executor-%d] [trace:] c.n.d.s.r.aws.ConfigClusterResolver      : Resolving eureka endpoints via configuration
2026-09-29 19:39:46.450 INFO  [rap-executor-%d] [trace:] c.n.d.s.r.aws.ConfigClusterResolver      : Resolving eureka endpoints via configuration
2026-09-29 19:44:46.458 INFO  [rap-executor-%d] [trace:] c.n.d.s.r.aws.ConfigClusterResolver      : Resolving eureka endpoints via configuration
2026-09-29 19:49:46.459 INFO  [rap-executor-%d] [trace:] c.n.d.s.r.aws.ConfigClusterResolver      : Resolving eureka endpoints via configuration
2026-09-29 19:54:46.467 INFO  [rap-executor-%d] [trace:] c.n.d.s.r.aws.ConfigClusterResolver      : Resolving eureka endpoints via configuration
2026-09-29 19:56:07.070 INFO  [nio-8082-exec-1] [trace:] c.a.auth.service.impl.AuthServiceImpl    : Processing login request for email: admin@aerobook.com
2026-09-29 19:56:07.086 WARN  [nio-8082-exec-1] [trace:] c.a.auth.service.impl.AuthServiceImpl    : Login failed: User not found for email: admin@aerobook.com
2026-09-29 19:59:46.483 INFO  [rap-executor-%d] [trace:] c.n.d.s.r.aws.ConfigClusterResolver      : Resolving eureka endpoints via configuration
2026-09-29 20:04:46.490 INFO  [rap-executor-%d] [trace:] c.n.d.s.r.aws.ConfigClusterResolver      : Resolving eureka endpoints via configuration
2026-09-29 20:07:30.316 INFO  [nio-8082-exec-3] [trace:] c.a.auth.service.impl.AuthServiceImpl    : Processing login request for email: admin@aerobook.com
2026-09-29 20:07:30.321 WARN  [nio-8082-exec-3] [trace:] c.a.auth.service.impl.AuthServiceImpl    : Login failed: User not found for email: admin@aerobook.com
2026-09-29 20:09:46.501 INFO  [rap-executor-%d] [trace:] c.n.d.s.r.aws.ConfigClusterResolver      : Resolving eureka endpoints via configuration
2026-09-29 20:10:14.785 INFO  [nio-8082-exec-7] [trace:] c.a.auth.service.impl.AuthServiceImpl    : Processing login request for email: admin@aerobook.com
2026-09-29 20:10:14.807 WARN  [nio-8082-exec-7] [trace:] c.a.auth.service.impl.AuthServiceImpl    : Login failed: User not found for email: admin@aerobook.com
2026-09-29 20:24:32.109 WARN  [l-1:housekeeper] [trace:] com.zaxxer.hikari.pool.HikariPool        : HikariPool-1 - Thread starvation or clock leap detected (housekeeper delta=12m51s26ms410µs900ns).
2026-09-29 20:27:25.107 INFO  [rap-executor-%d] [trace:] c.n.d.s.r.aws.ConfigClusterResolver      : Resolving eureka endpoints via configuration
2026-09-29 20:31:49.232 INFO  [io-8082-exec-10] [trace:] c.a.auth.service.impl.AuthServiceImpl    : Processing login request for email: admin@aerobook.com
2026-09-29 20:31:49.244 WARN  [io-8082-exec-10] [trace:] c.a.auth.service.impl.AuthServiceImpl    : Login failed: User not found for email: admin@aerobook.com
2026-09-29 20:32:25.108 INFO  [rap-executor-%d] [trace:] c.n.d.s.r.aws.ConfigClusterResolver      : Resolving eureka endpoints via configuration
2026-09-29 20:37:25.114 INFO  [rap-executor-%d] [trace:] c.n.d.s.r.aws.ConfigClusterResolver      : Resolving eureka endpoints via configuration
2026-09-29 20:42:25.120 INFO  [rap-executor-%d] [trace:] c.n.d.s.r.aws.ConfigClusterResolver      : Resolving eureka endpoints via configuration
2026-09-29 20:47:25.131 INFO  [rap-executor-%d] [trace:] c.n.d.s.r.aws.ConfigClusterResolver      : Resolving eureka endpoints via configuration
2026-09-29 20:52:25.147 INFO  [rap-executor-%d] [trace:] c.n.d.s.r.aws.ConfigClusterResolver      : Resolving eureka endpoints via configuration
2026-09-29 20:57:25.158 INFO  [rap-executor-%d] [trace:] c.n.d.s.r.aws.ConfigClusterResolver      : Resolving eureka endpoints via configuration
2026-09-29 21:02:25.172 INFO  [rap-executor-%d] [trace:] c.n.d.s.r.aws.ConfigClusterResolver      : Resolving eureka endpoints via configuration
2026-09-29 21:03:10.594 INFO  [nio-8082-exec-5] [trace:] c.a.auth.service.impl.AuthServiceImpl    : Processing login request for email: admin@aerobook.com
2026-09-29 21:03:10.604 WARN  [nio-8082-exec-5] [trace:] c.a.auth.service.impl.AuthServiceImpl    : Login failed: User not found for email: admin@aerobook.com
2026-09-29 21:07:25.182 INFO  [rap-executor-%d] [trace:] c.n.d.s.r.aws.ConfigClusterResolver      : Resolving eureka endpoints via configuration
2026-09-29 21:12:25.184 INFO  [rap-executor-%d] [trace:] c.n.d.s.r.aws.ConfigClusterResolver      : Resolving eureka endpoints via configuration
2026-09-29 21:17:25.186 INFO  [rap-executor-%d] [trace:] c.n.d.s.r.aws.ConfigClusterResolver      : Resolving eureka endpoints via configuration
2026-09-29 21:22:25.194 INFO  [rap-executor-%d] [trace:] c.n.d.s.r.aws.ConfigClusterResolver      : Resolving eureka endpoints via configuration
2026-09-29 21:26:47.437 INFO  [nio-8082-exec-1] [trace:] c.a.auth.service.impl.AuthServiceImpl    : Processing login request for email: admin@aerobook.com
2026-09-29 21:26:47.448 WARN  [nio-8082-exec-1] [trace:] c.a.auth.service.impl.AuthServiceImpl    : Login failed: User not found for email: admin@aerobook.com
2026-09-29 21:27:25.209 INFO  [rap-executor-%d] [trace:] c.n.d.s.r.aws.ConfigClusterResolver      : Resolving eureka endpoints via configuration
2026-09-29 21:28:00.959 INFO  [nio-8082-exec-3] [trace:] c.a.auth.service.impl.AuthServiceImpl    : Processing login request for email: admin@aerobook.com
2026-09-29 21:28:00.969 WARN  [nio-8082-exec-3] [trace:] c.a.auth.service.impl.AuthServiceImpl    : Login failed: User not found for email: admin@aerobook.com
2026-09-29 21:32:25.218 INFO  [rap-executor-%d] [trace:] c.n.d.s.r.aws.ConfigClusterResolver      : Resolving eureka endpoints via configuration
2026-09-29 21:37:25.228 INFO  [rap-executor-%d] [trace:] c.n.d.s.r.aws.ConfigClusterResolver      : Resolving eureka endpoints via configuration
2026-09-29 21:42:25.240 INFO  [rap-executor-%d] [trace:] c.n.d.s.r.aws.ConfigClusterResolver      : Resolving eureka endpoints via configuration
2026-09-29 21:47:25.251 INFO  [rap-executor-%d] [trace:] c.n.d.s.r.aws.ConfigClusterResolver      : Resolving eureka endpoints via configuration
2026-09-29 21:47:33.504 INFO  [nio-8082-exec-7] [trace:] c.a.auth.service.impl.AuthServiceImpl    : Processing login request for email: admin@aerobook.com
2026-09-29 21:47:33.507 WARN  [nio-8082-exec-7] [trace:] c.a.auth.service.impl.AuthServiceImpl    : Login failed: User not found for email: admin@aerobook.com
2026-09-29 21:50:41.397 INFO  [io-8082-exec-10] [trace:] c.a.auth.service.impl.AuthServiceImpl    : Processing login request for email: admin@aerobook.com
2026-09-29 21:50:41.407 WARN  [io-8082-exec-10] [trace:] c.a.auth.service.impl.AuthServiceImpl    : Login failed: User not found for email: admin@aerobook.com
2026-09-29 21:50:59.082 INFO  [nio-8082-exec-8] [trace:] c.a.auth.service.impl.AuthServiceImpl    : Processing login request for email: admin@aerobook.com
2026-09-29 21:50:59.090 WARN  [nio-8082-exec-8] [trace:] c.a.auth.service.impl.AuthServiceImpl    : Login failed: User not found for email: admin@aerobook.com
2026-09-29 21:52:25.261 INFO  [rap-executor-%d] [trace:] c.n.d.s.r.aws.ConfigClusterResolver      : Resolving eureka endpoints via configuration
2026-09-29 21:57:25.269 INFO  [rap-executor-%d] [trace:] c.n.d.s.r.aws.ConfigClusterResolver      : Resolving eureka endpoints via configuration
2026-09-29 22:00:31.916 INFO  [nio-8082-exec-1] [trace:] c.a.auth.service.impl.AuthServiceImpl    : Processing login request for email: admin@aerobook.com
2026-09-29 22:00:31.920 WARN  [nio-8082-exec-1] [trace:] c.a.auth.service.impl.AuthServiceImpl    : Login failed: User not found for email: admin@aerobook.com
2026-09-29 22:00:57.021 INFO  [nio-8082-exec-2] [trace:] c.a.auth.service.impl.AuthServiceImpl    : Processing login request for email: admin@aerobook.com
2026-09-29 22:00:57.024 WARN  [nio-8082-exec-2] [trace:] c.a.auth.service.impl.AuthServiceImpl    : Login failed: User not found for email: admin@aerobook.com
2026-09-29 22:01:22.063 INFO  [nio-8082-exec-4] [trace:] c.a.auth.service.impl.AuthServiceImpl    : Processing login request for email: admin@aerobook.com
2026-09-29 22:01:22.065 WARN  [nio-8082-exec-4] [trace:] c.a.auth.service.impl.AuthServiceImpl    : Login failed: User not found for email: admin@aerobook.com
2026-09-29 22:01:43.314 INFO  [nio-8082-exec-7] [trace:] c.a.auth.service.impl.AuthServiceImpl    : Processing administrator registration for email: admin@aerobook.com
2026-09-29 22:01:44.232 INFO  [nio-8082-exec-7] [trace:] c.a.auth.service.impl.AuthServiceImpl    : Admin account successfully provisioned for email: admin@aerobook.com, user ID: 10
2026-09-29 22:01:52.243 INFO  [nio-8082-exec-9] [trace:] c.a.auth.service.impl.AuthServiceImpl    : Processing login request for email: admin@aerobook.com
2026-09-29 22:01:52.336 INFO  [nio-8082-exec-9] [trace:] c.a.auth.service.impl.AuthServiceImpl    : User admin@aerobook.com successfully authenticated with role: ROLE_ADMIN
2026-09-29 22:02:00.530 INFO  [io-8082-exec-10] [trace:] c.a.auth.service.impl.AuthServiceImpl    : Processing staff registration for email: staff@aerobook.com
2026-09-29 22:02:25.282 INFO  [rap-executor-%d] [trace:] c.n.d.s.r.aws.ConfigClusterResolver      : Resolving eureka endpoints via configuration
2026-09-29 22:02:47.632 INFO  [nio-8082-exec-8] [trace:] c.a.auth.service.impl.AuthServiceImpl    : Processing user registration for email: asha.khan@example.com
2026-09-29 22:02:47.635 WARN  [nio-8082-exec-8] [trace:] c.a.auth.service.impl.AuthServiceImpl    : Registration rejected: Account with email asha.khan@example.com already exists
2026-09-29 22:02:59.792 INFO  [nio-8082-exec-5] [trace:] c.a.auth.service.impl.AuthServiceImpl    : Processing login request for email: asha.khan@example.com
2026-09-29 22:02:59.880 INFO  [nio-8082-exec-5] [trace:] c.a.auth.service.impl.AuthServiceImpl    : User asha.khan@example.com successfully authenticated with role: ROLE_USER
2026-09-29 22:04:40.706 INFO  [nio-8082-exec-1] [trace:] c.a.auth.service.impl.AuthServiceImpl    : Processing staff registration for email: staff@aerobook.com
2026-09-29 22:04:40.812 INFO  [nio-8082-exec-1] [trace:] c.a.auth.service.impl.AuthServiceImpl    : Staff account successfully provisioned for email: staff@aerobook.com, user ID: 11
2026-09-29 22:04:49.012 INFO  [nio-8082-exec-2] [trace:] c.a.auth.service.impl.AuthServiceImpl    : Processing login request for email: staff@aerobook.com
2026-09-29 22:04:49.102 INFO  [nio-8082-exec-2] [trace:] c.a.auth.service.impl.AuthServiceImpl    : User staff@aerobook.com successfully authenticated with role: ROLE_STAFF
2026-09-29 22:07:25.291 INFO  [rap-executor-%d] [trace:] c.n.d.s.r.aws.ConfigClusterResolver      : Resolving eureka endpoints via configuration
2026-09-29 22:09:09.195 INFO  [nio-8082-exec-4] [trace:] c.a.auth.service.impl.AuthServiceImpl    : Processing login request for email: asha.khan@example.com
2026-09-29 22:09:09.288 INFO  [nio-8082-exec-4] [trace:] c.a.auth.service.impl.AuthServiceImpl    : User asha.khan@example.com successfully authenticated with role: ROLE_USER
2026-09-29 22:09:19.807 INFO  [nio-8082-exec-7] [trace:] c.a.auth.service.impl.AuthServiceImpl    : Processing login request for email: asha.khan@example.com
2026-09-29 22:09:19.895 INFO  [nio-8082-exec-7] [trace:] c.a.auth.service.impl.AuthServiceImpl    : User asha.khan@example.com successfully authenticated with role: ROLE_USER
2026-09-29 22:09:24.406 INFO  [nio-8082-exec-9] [trace:] c.a.auth.service.impl.AuthServiceImpl    : Processing login request for email: staff@aerobook.com
2026-09-29 22:09:24.495 INFO  [nio-8082-exec-9] [trace:] c.a.auth.service.impl.AuthServiceImpl    : User staff@aerobook.com successfully authenticated with role: ROLE_STAFF
2026-09-29 22:09:33.450 INFO  [io-8082-exec-10] [trace:] c.a.auth.service.impl.AuthServiceImpl    : Processing login request for email: asha.khan@example.com
2026-09-29 22:09:33.549 INFO  [io-8082-exec-10] [trace:] c.a.auth.service.impl.AuthServiceImpl    : User asha.khan@example.com successfully authenticated with role: ROLE_USER
2026-09-29 22:10:33.232 INFO  [nio-8082-exec-8] [trace:] c.a.auth.service.impl.AuthServiceImpl    : Processing user registration for email: sohel@aerobook.com
2026-09-29 22:10:33.339 INFO  [nio-8082-exec-8] [trace:] c.a.auth.service.impl.AuthServiceImpl    : User registered successfully with email: sohel@aerobook.com, user ID: 12, role: ROLE_USER
2026-09-29 22:10:42.790 INFO  [nio-8082-exec-5] [trace:] c.a.auth.service.impl.AuthServiceImpl    : Processing user registration for email: sohel@aerobook.com
2026-09-29 22:10:42.797 WARN  [nio-8082-exec-5] [trace:] c.a.auth.service.impl.AuthServiceImpl    : Registration rejected: Account with email sohel@aerobook.com already exists
2026-09-29 22:12:25.307 INFO  [rap-executor-%d] [trace:] c.n.d.s.r.aws.ConfigClusterResolver      : Resolving eureka endpoints via configuration
2026-09-29 22:14:38.807 INFO  [nio-8082-exec-3] [trace:] c.a.auth.service.impl.AuthServiceImpl    : Processing login request for email: admin@aerobook.com
2026-09-29 22:14:38.890 INFO  [nio-8082-exec-3] [trace:] c.a.auth.service.impl.AuthServiceImpl    : User admin@aerobook.com successfully authenticated with role: ROLE_ADMIN
2026-09-29 22:17:25.320 INFO  [rap-executor-%d] [trace:] c.n.d.s.r.aws.ConfigClusterResolver      : Resolving eureka endpoints via configuration
2026-09-29 22:19:17.200 INFO  [           main] [trace:] c.aerobook.auth.AuthServiceApplication   : Starting AuthServiceApplication using Java 20.0.2 with PID 22880 (D:\aerobook\auth-service\target\classes started by hp in D:\aerobook\auth-service)
2026-09-29 22:19:17.203 DEBUG [           main] [trace:] c.aerobook.auth.AuthServiceApplication   : Running with Spring Boot v4.1.1, Spring v7.0.9
2026-09-29 22:19:17.204 INFO  [           main] [trace:] c.aerobook.auth.AuthServiceApplication   : No active profile set, falling back to 1 default profile: "default"
2026-09-29 22:19:17.604 INFO  [kground-preinit] [trace:] o.h.validator.internal.util.Version      : HV000001: Hibernate Validator 9.1.3.Final
2026-09-29 22:19:18.273 INFO  [           main] [trace:] .s.d.r.c.RepositoryConfigurationDelegate : Bootstrapping Spring Data JPA repositories in DEFAULT mode.
2026-09-29 22:19:18.447 INFO  [           main] [trace:] .s.d.r.c.RepositoryConfigurationDelegate : Finished Spring Data repository scanning in 161 ms. Found 2 JPA repository interfaces.
2026-09-29 22:19:18.751 INFO  [           main] [trace:] o.s.cloud.context.scope.GenericScope     : BeanFactory id=a68876ec-eef5-3d37-aa1a-b20d868a31a2
2026-09-29 22:19:19.242 INFO  [           main] [trace:] o.s.boot.tomcat.TomcatWebServer          : Tomcat initialized with port 8082 (http)
2026-09-29 22:19:19.259 INFO  [           main] [trace:] o.a.coyote.http11.Http11NioProtocol      : Initializing ProtocolHandler ["http-nio-8082"]
2026-09-29 22:19:19.261 INFO  [           main] [trace:] o.apache.catalina.core.StandardService   : Starting service [Tomcat]
2026-09-29 22:19:19.262 INFO  [           main] [trace:] o.apache.catalina.core.StandardEngine    : Starting Servlet engine: [Apache Tomcat/11.0.24]
2026-09-29 22:19:19.357 INFO  [           main] [trace:] b.w.c.s.WebApplicationContextInitializer : Root WebApplicationContext: initialization completed in 2088 ms
2026-09-29 22:19:19.557 INFO  [           main] [trace:] org.hibernate.orm.jpa                    : HHH008540: Processing PersistenceUnitInfo [name: default]
2026-09-29 22:19:19.629 INFO  [           main] [trace:] org.hibernate.orm.core                   : HHH000001: Hibernate ORM core version 7.4.5.Final
2026-09-29 22:19:20.165 INFO  [           main] [trace:] o.s.o.j.p.SpringPersistenceUnitInfo      : No LoadTimeWeaver setup: ignoring JPA class transformer
2026-09-29 22:19:20.214 INFO  [           main] [trace:] com.zaxxer.hikari.HikariDataSource       : HikariPool-1 - Starting...
2026-09-29 22:19:20.633 INFO  [           main] [trace:] com.zaxxer.hikari.pool.HikariPool        : HikariPool-1 - Added connection com.mysql.cj.jdbc.ConnectionImpl@4fe9adfb
2026-09-29 22:19:20.636 INFO  [           main] [trace:] com.zaxxer.hikari.HikariDataSource       : HikariPool-1 - Start completed.
2026-09-29 22:19:20.753 INFO  [           main] [trace:] org.hibernate.orm.connections.pooling    : HHH10001005: Database info:
	Database JDBC URL [jdbc:mysql://localhost:3306/aerobook_auth_db?createDatabaseIfNotExist=true]
	Database driver: MySQL Connector/J
	Database dialect: MySQLDialect
	Database version: 8.0.46
	Default catalog/schema: aerobook_auth_db/undefined
	Autocommit mode: undefined/unknown
	Isolation level: REPEATABLE_READ [default REPEATABLE_READ]
	JDBC fetch size: none
	Pool: DataSourceConnectionProvider
	Minimum pool size: undefined/unknown
	Maximum pool size: undefined/unknown
2026-09-29 22:19:21.943 INFO  [           main] [trace:] org.hibernate.orm.core                   : HHH000489: No JTA platform available (set 'hibernate.transaction.jta.platform' to enable JTA platform integration)
2026-09-29 22:19:22.028 INFO  [           main] [trace:] j.LocalContainerEntityManagerFactoryBean : Initialized JPA EntityManagerFactory for persistence unit 'default'
2026-09-29 22:19:22.135 INFO  [           main] [trace:] o.s.d.j.r.query.QueryEnhancerFactories   : Hibernate is in classpath; If applicable, HQL parser will be used.
2026-09-29 22:19:22.595 WARN  [           main] [trace:] JpaBaseConfiguration$JpaWebConfiguration : spring.jpa.open-in-view is enabled by default. Therefore, database queries may be performed during view rendering. Explicitly configure spring.jpa.open-in-view to disable this warning
2026-09-29 22:19:22.824 INFO  [           main] [trace:] o.s.c.openfeign.FeignClientFactoryBean   : For 'user-service' URL not provided. Will try picking an instance via load-balancing.
2026-09-29 22:19:23.001 INFO  [           main] [trace:] r$InitializeUserDetailsManagerConfigurer : Global AuthenticationManager configured with UserDetailsService bean with name customUserDetailsService
2026-09-29 22:19:23.817 INFO  [           main] [trace:] DiscoveryClientOptionalArgsConfiguration : Eureka HTTP Client uses RestClient.
2026-09-29 22:19:23.852 WARN  [           main] [trace:] iguration$LoadBalancerCaffeineWarnLogger : Spring Cloud LoadBalancer is currently working with the default cache. While this cache implementation is useful for development and tests, it's recommended to use Caffeine cache in production.You can switch to using Caffeine cache, by adding it and org.springframework.cache.caffeine.CaffeineCacheManager to the classpath.
2026-09-29 22:19:23.883 INFO  [           main] [trace:] o.s.c.n.eureka.InstanceInfoFactory       : Setting initial instance status as: STARTING
2026-09-29 22:19:23.912 INFO  [           main] [trace:] com.netflix.discovery.DiscoveryClient    : Initializing Eureka in region us-east-1
2026-09-29 22:19:23.918 INFO  [           main] [trace:] c.n.d.s.r.aws.ConfigClusterResolver      : Resolving eureka endpoints via configuration
2026-09-29 22:19:23.929 INFO  [           main] [trace:] com.netflix.discovery.DiscoveryClient    : Disable delta property : false
2026-09-29 22:19:23.929 INFO  [           main] [trace:] com.netflix.discovery.DiscoveryClient    : Single vip registry refresh property : null
2026-09-29 22:19:23.929 INFO  [           main] [trace:] com.netflix.discovery.DiscoveryClient    : Force full registry fetch : false
2026-09-29 22:19:23.929 INFO  [           main] [trace:] com.netflix.discovery.DiscoveryClient    : Application is null : false
2026-09-29 22:19:23.929 INFO  [           main] [trace:] com.netflix.discovery.DiscoveryClient    : Registered Applications size is zero : true
2026-09-29 22:19:23.929 INFO  [           main] [trace:] com.netflix.discovery.DiscoveryClient    : Application version is -1: true
2026-09-29 22:19:23.929 INFO  [           main] [trace:] com.netflix.discovery.DiscoveryClient    : Getting all instance registry info from the eureka server
2026-09-29 22:19:24.347 INFO  [           main] [trace:] com.netflix.discovery.DiscoveryClient    : The response status is 200
2026-09-29 22:19:24.349 INFO  [           main] [trace:] com.netflix.discovery.DiscoveryClient    : Starting heartbeat executor: renew interval is: 30
2026-09-29 22:19:24.352 INFO  [           main] [trace:] c.n.discovery.InstanceInfoReplicator     : InstanceInfoReplicator onDemand update allowed rate per min is 4
2026-09-29 22:19:24.354 INFO  [           main] [trace:] com.netflix.discovery.DiscoveryClient    : Discovery Client initialized at timestamp 1790700564353 with initial instances count: 8
2026-09-29 22:19:24.359 INFO  [           main] [trace:] o.s.c.n.e.s.EurekaServiceRegistry        : Registering application AUTH-SERVICE with eureka with status UP
2026-09-29 22:19:24.359 INFO  [           main] [trace:] com.netflix.discovery.DiscoveryClient    : Saw local status change event StatusChangeEvent [timestamp=1790700564359, current=UP, previous=STARTING]
2026-09-29 22:19:24.361 INFO  [           main] [trace:] o.a.coyote.http11.Http11NioProtocol      : Starting ProtocolHandler ["http-nio-8082"]
2026-09-29 22:19:24.361 INFO  [foReplicator-%d] [trace:] com.netflix.discovery.DiscoveryClient    : DiscoveryClient_AUTH-SERVICE/Sir-Amir:auth-service:8082: registering service...
2026-09-29 22:19:24.387 INFO  [           main] [trace:] o.s.boot.tomcat.TomcatWebServer          : Tomcat started on port 8082 (http) with context path '/'
2026-09-29 22:19:24.388 INFO  [           main] [trace:] .s.c.n.e.s.EurekaAutoServiceRegistration : Updating port to 8082
2026-09-29 22:19:24.411 INFO  [foReplicator-%d] [trace:] com.netflix.discovery.DiscoveryClient    : DiscoveryClient_AUTH-SERVICE/Sir-Amir:auth-service:8082 - registration status: 204
2026-09-29 22:19:24.553 INFO  [           main] [trace:] c.aerobook.auth.AuthServiceApplication   : Started AuthServiceApplication in 8.116 seconds (process running for 8.685)
2026-09-29 22:20:03.236 INFO  [nio-8082-exec-1] [trace:] o.a.c.c.C.[Tomcat].[localhost].[/]       : Initializing Spring DispatcherServlet 'dispatcherServlet'
2026-09-29 22:20:03.237 INFO  [nio-8082-exec-1] [trace:] o.s.web.servlet.DispatcherServlet        : Initializing Servlet 'dispatcherServlet'
2026-09-29 22:20:03.239 INFO  [nio-8082-exec-1] [trace:] o.s.web.servlet.DispatcherServlet        : Completed initialization in 2 ms
2026-09-29 22:20:03.371 INFO  [nio-8082-exec-1] [trace:] c.a.auth.service.impl.AuthServiceImpl    : Processing login request for email: admin@aerobook.com
2026-09-29 22:20:03.921 INFO  [nio-8082-exec-1] [trace:] c.a.auth.service.impl.AuthServiceImpl    : User admin@aerobook.com successfully authenticated with role: ROLE_ADMIN
2026-09-29 22:20:10.711 INFO  [nio-8082-exec-2] [trace:] c.a.auth.service.impl.AuthServiceImpl    : Processing user registration for email: test.user@example.com
2026-09-29 22:20:10.935 INFO  [nio-8082-exec-2] [trace:] c.a.auth.service.impl.AuthServiceImpl    : User registered successfully with email: test.user@example.com, user ID: 13, role: ROLE_USER
2026-09-29 22:20:53.204 INFO  [nio-8082-exec-3] [trace:] c.a.auth.service.impl.AuthServiceImpl    : Processing login request for email: asha.khan@example.com
2026-09-29 22:20:53.312 INFO  [nio-8082-exec-3] [trace:] c.a.auth.service.impl.AuthServiceImpl    : User asha.khan@example.com successfully authenticated with role: ROLE_USER
2026-09-29 22:22:08.834 INFO  [nio-8082-exec-5] [trace:] c.a.auth.service.impl.AuthServiceImpl    : Processing login request for email: admin@aerobook.com
2026-09-29 22:22:08.937 INFO  [nio-8082-exec-5] [trace:] c.a.auth.service.impl.AuthServiceImpl    : User admin@aerobook.com successfully authenticated with role: ROLE_ADMIN
