2026-09-29 18:49:46.515 INFO  [kground-preinit] [trace:] o.h.validator.internal.util.Version      : HV000001: Hibernate Validator 9.1.3.Final
2026-09-29 18:49:46.643 INFO  [           main] [trace:] c.a.booking.BookingServiceApplication    : Starting BookingServiceApplication using Java 20.0.2 with PID 23104 (D:\aerobook\booking-service\target\classes started by hp in D:\aerobook\booking-service)
2026-09-29 18:49:46.645 DEBUG [           main] [trace:] c.a.booking.BookingServiceApplication    : Running with Spring Boot v4.1.1, Spring v7.0.9
2026-09-29 18:49:46.647 INFO  [           main] [trace:] c.a.booking.BookingServiceApplication    : No active profile set, falling back to 1 default profile: "default"
2026-09-29 18:49:46.753 INFO  [           main] [trace:] o.s.c.c.c.ConfigServerConfigDataLoader   : Fetching config from server at : http://localhost:8080
2026-09-29 18:49:46.754 INFO  [           main] [trace:] o.s.c.c.c.ConfigServerConfigDataLoader   : Located environment: name=booking-service, profiles=[default], label=null, version=null, state=null
2026-09-29 18:49:48.986 INFO  [           main] [trace:] .s.d.r.c.RepositoryConfigurationDelegate : Bootstrapping Spring Data JPA repositories in DEFAULT mode.
2026-09-29 18:49:49.320 INFO  [           main] [trace:] .s.d.r.c.RepositoryConfigurationDelegate : Finished Spring Data repository scanning in 311 ms. Found 2 JPA repository interfaces.
2026-09-29 18:49:50.259 INFO  [           main] [trace:] o.s.cloud.context.scope.GenericScope     : BeanFactory id=fc59487f-81ad-394e-9974-06d1f140e356
2026-09-29 18:49:51.458 INFO  [           main] [trace:] o.s.boot.tomcat.TomcatWebServer          : Tomcat initialized with port 8088 (http)
2026-09-29 18:49:51.492 INFO  [           main] [trace:] o.a.coyote.http11.Http11NioProtocol      : Initializing ProtocolHandler ["http-nio-8088"]
2026-09-29 18:49:51.497 INFO  [           main] [trace:] o.apache.catalina.core.StandardService   : Starting service [Tomcat]
2026-09-29 18:49:51.498 INFO  [           main] [trace:] o.apache.catalina.core.StandardEngine    : Starting Servlet engine: [Apache Tomcat/11.0.24]
2026-09-29 18:49:51.714 INFO  [           main] [trace:] b.w.c.s.WebApplicationContextInitializer : Root WebApplicationContext: initialization completed in 4953 ms
2026-09-29 18:49:52.379 INFO  [           main] [trace:] org.hibernate.orm.jpa                    : HHH008540: Processing PersistenceUnitInfo [name: default]
2026-09-29 18:49:52.492 INFO  [           main] [trace:] org.hibernate.orm.core                   : HHH000001: Hibernate ORM core version 7.4.5.Final
2026-09-29 18:49:53.662 INFO  [           main] [trace:] o.s.o.j.p.SpringPersistenceUnitInfo      : No LoadTimeWeaver setup: ignoring JPA class transformer
2026-09-29 18:49:53.755 INFO  [           main] [trace:] com.zaxxer.hikari.HikariDataSource       : HikariPool-1 - Starting...
2026-09-29 18:49:54.730 INFO  [           main] [trace:] com.zaxxer.hikari.pool.HikariPool        : HikariPool-1 - Added connection com.mysql.cj.jdbc.ConnectionImpl@65374526
2026-09-29 18:49:54.736 INFO  [           main] [trace:] com.zaxxer.hikari.HikariDataSource       : HikariPool-1 - Start completed.
2026-09-29 18:49:54.941 INFO  [           main] [trace:] org.hibernate.orm.connections.pooling    : HHH10001005: Database info:
	Database JDBC URL [jdbc:mysql://localhost:3306/aerobook_booking_db?createDatabaseIfNotExist=true&serverTimezone=UTC]
	Database driver: MySQL Connector/J
	Database dialect: MySQLDialect
	Database version: 8.0.46
	Default catalog/schema: aerobook_booking_db/undefined
	Autocommit mode: undefined/unknown
	Isolation level: REPEATABLE_READ [default REPEATABLE_READ]
	JDBC fetch size: none
	Pool: DataSourceConnectionProvider
	Minimum pool size: undefined/unknown
	Maximum pool size: undefined/unknown
2026-09-29 18:49:57.235 INFO  [           main] [trace:] org.hibernate.orm.core                   : HHH000489: No JTA platform available (set 'hibernate.transaction.jta.platform' to enable JTA platform integration)
2026-09-29 18:49:57.460 INFO  [           main] [trace:] j.LocalContainerEntityManagerFactoryBean : Initialized JPA EntityManagerFactory for persistence unit 'default'
2026-09-29 18:49:57.658 INFO  [           main] [trace:] o.s.d.j.r.query.QueryEnhancerFactories   : Hibernate is in classpath; If applicable, HQL parser will be used.
2026-09-29 18:49:59.288 INFO  [           main] [trace:] o.s.c.openfeign.FeignClientFactoryBean   : For 'flight-service' URL not provided. Will try picking an instance via load-balancing.
2026-09-29 18:50:01.423 INFO  [           main] [trace:] DiscoveryClientOptionalArgsConfiguration : Eureka HTTP Client uses RestClient.
2026-09-29 18:50:01.500 WARN  [           main] [trace:] iguration$LoadBalancerCaffeineWarnLogger : Spring Cloud LoadBalancer is currently working with the default cache. While this cache implementation is useful for development and tests, it's recommended to use Caffeine cache in production.You can switch to using Caffeine cache, by adding it and org.springframework.cache.caffeine.CaffeineCacheManager to the classpath.
2026-09-29 18:50:01.537 INFO  [           main] [trace:] o.s.b.a.e.web.EndpointLinksResolver      : Exposing 1 endpoint beneath base path '/actuator'
2026-09-29 18:50:01.742 INFO  [           main] [trace:] o.s.c.n.eureka.InstanceInfoFactory       : Setting initial instance status as: STARTING
2026-09-29 18:50:01.794 INFO  [           main] [trace:] com.netflix.discovery.DiscoveryClient    : Initializing Eureka in region us-east-1
2026-09-29 18:50:01.804 INFO  [           main] [trace:] c.n.d.s.r.aws.ConfigClusterResolver      : Resolving eureka endpoints via configuration
2026-09-29 18:50:01.827 INFO  [           main] [trace:] com.netflix.discovery.DiscoveryClient    : Disable delta property : false
2026-09-29 18:50:01.827 INFO  [           main] [trace:] com.netflix.discovery.DiscoveryClient    : Single vip registry refresh property : null
2026-09-29 18:50:01.827 INFO  [           main] [trace:] com.netflix.discovery.DiscoveryClient    : Force full registry fetch : false
2026-09-29 18:50:01.828 INFO  [           main] [trace:] com.netflix.discovery.DiscoveryClient    : Application is null : false
2026-09-29 18:50:01.829 INFO  [           main] [trace:] com.netflix.discovery.DiscoveryClient    : Registered Applications size is zero : true
2026-09-29 18:50:01.829 INFO  [           main] [trace:] com.netflix.discovery.DiscoveryClient    : Application version is -1: true
2026-09-29 18:50:01.829 INFO  [           main] [trace:] com.netflix.discovery.DiscoveryClient    : Getting all instance registry info from the eureka server
2026-09-29 18:50:02.337 INFO  [           main] [trace:] com.netflix.discovery.DiscoveryClient    : The response status is 200
2026-09-29 18:50:02.342 INFO  [           main] [trace:] com.netflix.discovery.DiscoveryClient    : Starting heartbeat executor: renew interval is: 30
2026-09-29 18:50:02.346 INFO  [           main] [trace:] c.n.discovery.InstanceInfoReplicator     : InstanceInfoReplicator onDemand update allowed rate per min is 4
2026-09-29 18:50:02.349 INFO  [           main] [trace:] com.netflix.discovery.DiscoveryClient    : Discovery Client initialized at timestamp 1790688002349 with initial instances count: 2
2026-09-29 18:50:02.362 INFO  [           main] [trace:] o.s.c.n.e.s.EurekaServiceRegistry        : Registering application BOOKING-SERVICE with eureka with status UP
2026-09-29 18:50:02.364 INFO  [           main] [trace:] com.netflix.discovery.DiscoveryClient    : Saw local status change event StatusChangeEvent [timestamp=1790688002364, current=UP, previous=STARTING]
2026-09-29 18:50:02.368 INFO  [foReplicator-%d] [trace:] com.netflix.discovery.DiscoveryClient    : DiscoveryClient_BOOKING-SERVICE/Sir-Amir:booking-service:8088: registering service...
2026-09-29 18:50:02.369 INFO  [           main] [trace:] o.a.coyote.http11.Http11NioProtocol      : Starting ProtocolHandler ["http-nio-8088"]
2026-09-29 18:50:02.414 INFO  [           main] [trace:] o.s.boot.tomcat.TomcatWebServer          : Tomcat started on port 8088 (http) with context path '/'
2026-09-29 18:50:02.416 INFO  [           main] [trace:] .s.c.n.e.s.EurekaAutoServiceRegistration : Updating port to 8088
2026-09-29 18:50:02.495 INFO  [foReplicator-%d] [trace:] com.netflix.discovery.DiscoveryClient    : DiscoveryClient_BOOKING-SERVICE/Sir-Amir:booking-service:8088 - registration status: 204
2026-09-29 18:50:03.039 INFO  [           main] [trace:] c.a.booking.BookingServiceApplication    : Started BookingServiceApplication in 19.943 seconds (process running for 21.382)
2026-09-29 18:52:38.225 INFO  [nio-8088-exec-1] [trace:] o.a.c.c.C.[Tomcat].[localhost].[/]       : Initializing Spring DispatcherServlet 'dispatcherServlet'
2026-09-29 18:52:38.226 INFO  [nio-8088-exec-1] [trace:] o.s.web.servlet.DispatcherServlet        : Initializing Servlet 'dispatcherServlet'
2026-09-29 18:52:38.236 INFO  [nio-8088-exec-1] [trace:] o.s.web.servlet.DispatcherServlet        : Completed initialization in 9 ms
2026-09-29 18:55:01.840 INFO  [rap-executor-%d] [trace:] c.n.d.s.r.aws.ConfigClusterResolver      : Resolving eureka endpoints via configuration
2026-09-29 19:00:01.842 INFO  [rap-executor-%d] [trace:] c.n.d.s.r.aws.ConfigClusterResolver      : Resolving eureka endpoints via configuration
2026-09-29 19:05:01.849 INFO  [rap-executor-%d] [trace:] c.n.d.s.r.aws.ConfigClusterResolver      : Resolving eureka endpoints via configuration
2026-09-29 19:10:01.859 INFO  [rap-executor-%d] [trace:] c.n.d.s.r.aws.ConfigClusterResolver      : Resolving eureka endpoints via configuration
2026-09-29 19:15:01.865 INFO  [rap-executor-%d] [trace:] c.n.d.s.r.aws.ConfigClusterResolver      : Resolving eureka endpoints via configuration
2026-09-29 19:20:01.868 INFO  [rap-executor-%d] [trace:] c.n.d.s.r.aws.ConfigClusterResolver      : Resolving eureka endpoints via configuration
2026-09-29 19:25:01.881 INFO  [rap-executor-%d] [trace:] c.n.d.s.r.aws.ConfigClusterResolver      : Resolving eureka endpoints via configuration
2026-09-29 19:30:01.883 INFO  [rap-executor-%d] [trace:] c.n.d.s.r.aws.ConfigClusterResolver      : Resolving eureka endpoints via configuration
2026-09-29 19:35:01.894 INFO  [rap-executor-%d] [trace:] c.n.d.s.r.aws.ConfigClusterResolver      : Resolving eureka endpoints via configuration
2026-09-29 19:40:01.915 INFO  [rap-executor-%d] [trace:] c.n.d.s.r.aws.ConfigClusterResolver      : Resolving eureka endpoints via configuration
2026-09-29 19:45:01.920 INFO  [rap-executor-%d] [trace:] c.n.d.s.r.aws.ConfigClusterResolver      : Resolving eureka endpoints via configuration
2026-09-29 19:50:01.934 INFO  [rap-executor-%d] [trace:] c.n.d.s.r.aws.ConfigClusterResolver      : Resolving eureka endpoints via configuration
2026-09-29 19:55:01.936 INFO  [rap-executor-%d] [trace:] c.n.d.s.r.aws.ConfigClusterResolver      : Resolving eureka endpoints via configuration
2026-09-29 20:00:01.946 INFO  [rap-executor-%d] [trace:] c.n.d.s.r.aws.ConfigClusterResolver      : Resolving eureka endpoints via configuration
2026-09-29 20:05:01.963 INFO  [rap-executor-%d] [trace:] c.n.d.s.r.aws.ConfigClusterResolver      : Resolving eureka endpoints via configuration
2026-09-29 20:10:01.975 INFO  [rap-executor-%d] [trace:] c.n.d.s.r.aws.ConfigClusterResolver      : Resolving eureka endpoints via configuration
2026-09-29 20:24:34.760 WARN  [l-1:housekeeper] [trace:] com.zaxxer.hikari.pool.HikariPool        : HikariPool-1 - Thread starvation or clock leap detected (housekeeper delta=13m8s596ms245µs800ns).
2026-09-29 20:27:40.574 INFO  [rap-executor-%d] [trace:] c.n.d.s.r.aws.ConfigClusterResolver      : Resolving eureka endpoints via configuration
2026-09-29 20:32:40.578 INFO  [rap-executor-%d] [trace:] c.n.d.s.r.aws.ConfigClusterResolver      : Resolving eureka endpoints via configuration
2026-09-29 20:37:40.591 INFO  [rap-executor-%d] [trace:] c.n.d.s.r.aws.ConfigClusterResolver      : Resolving eureka endpoints via configuration
2026-09-29 20:42:40.592 INFO  [rap-executor-%d] [trace:] c.n.d.s.r.aws.ConfigClusterResolver      : Resolving eureka endpoints via configuration
2026-09-29 20:47:40.605 INFO  [rap-executor-%d] [trace:] c.n.d.s.r.aws.ConfigClusterResolver      : Resolving eureka endpoints via configuration
2026-09-29 20:52:40.613 INFO  [rap-executor-%d] [trace:] c.n.d.s.r.aws.ConfigClusterResolver      : Resolving eureka endpoints via configuration
2026-09-29 20:57:40.618 INFO  [rap-executor-%d] [trace:] c.n.d.s.r.aws.ConfigClusterResolver      : Resolving eureka endpoints via configuration
2026-09-29 21:02:40.634 INFO  [rap-executor-%d] [trace:] c.n.d.s.r.aws.ConfigClusterResolver      : Resolving eureka endpoints via configuration
2026-09-29 21:07:40.641 INFO  [rap-executor-%d] [trace:] c.n.d.s.r.aws.ConfigClusterResolver      : Resolving eureka endpoints via configuration
2026-09-29 21:12:40.650 INFO  [rap-executor-%d] [trace:] c.n.d.s.r.aws.ConfigClusterResolver      : Resolving eureka endpoints via configuration
2026-09-29 21:17:40.653 INFO  [rap-executor-%d] [trace:] c.n.d.s.r.aws.ConfigClusterResolver      : Resolving eureka endpoints via configuration
